// Vitest Snapshot v1

exports[`Renders the App Component 1`] = `
<div>
  <div
    className="filter"
  >
    <form
      className="form__input"
      onSubmit={[Function]}
    >
      <input
        id="search"
        name="search"
        onChange={[Function]}
        placeholder="Search for a country"
        type="search"
        value=""
      />
      <button
        className="search-btn"
        type="submit"
      >
        <i
          className="fa-solid fa-magnifying-glass"
        />
      </button>
    </form>
  </div>
  <section
    className="grid"
  />
</div>
`;
